# Adding subProject
1) First clone : git clone --recursive git@github.com:USER/PROJECT.git
          git clone --recursive git@github.com:asteriaaerospace/MCS3.0.git
          
2) Now do below step in each submodule
```a) Set User : git config --global user.email "user.name@xyz.co.in"
              git config --global user.name "yourName"
b) git remote rename origin asteria
c) git remote add yourName git@github.com:you/Fork.git
d) git remote rm destination```

Now when you run 'git remote -v' it should display
```asteria git@github.com:USER/PROJECT.git (fetch)
asteria git@github.com:USER/PROJECT.git (push)
yourName   git@github.com:you/Fork.git (fetch)
yourName  git@github.com:you/Fork.git (push)```

3) Add submodule
          $ git submodule add https://github.com/chaconinc/DbConnector
4) Check status
          $ git status
          On branch master
          Your branch is up-to-date with 'origin/master'.

          Changes to be committed:
          (use "git reset HEAD <file>..." to unstage)

	new file:   .gitmodules
	new file:   DbConnector
          
# Creation of branch
1) Create the branch on your local machine and switch in this branch :
          $ git checkout -b [name_of_your_new_branch]
2) Change working branch :
          $ git checkout [name_of_your_new_branch]
3) Push the branch on github :
          $ git push origin [name_of_your_new_branch]
4) You can see all branches created by using :
          $ git branch
	
# Update subModule
	git submodule update --recursive --remote
	
# Generate Private Key of your PC
    ssh-keygen
    enter file name

Now add this in your account know PC list
